clang-19.1.7nb2
|--libxml2-2.14.6nb2
|----xmlcatmgr-2.2nb1
|--llvm-19.1.7nb1
|----libxml2-2.14.6nb2
|------xmlcatmgr-2.2nb1
|----python313-3.13.12
|------libffi-3.5.2
|------libuuid-2.40.2
|------mpdecimal-4.0.1
|------readline-8.3nb1
|------sqlite3-3.51.2
|----zstd-1.5.7
|------lz4-1.10.0
|--perl-5.42.0nb1
|--python313-3.13.12
|----libffi-3.5.2
|----libuuid-2.40.2
|----mpdecimal-4.0.1
|----readline-8.3nb1
|----sqlite3-3.51.2
