libnbcompat
cwrappers
mktools
bootstrap-mk-files
bmake
|--bootstrap-mk-files
pkg_install
checkperms
boost-libs
|--icu
|--zstd
|----lz4
bvi
clang
|--libxml2
|----xmlcatmgr
|--llvm
|----libxml2
|------xmlcatmgr
|----python313
|------libffi
|------libuuid
|------mpdecimal
|------readline
|------sqlite3
|----zstd
|------lz4
|--perl
|--python313
|----libffi
|----libuuid
|----mpdecimal
|----readline
|----sqlite3
git-base
|--curl
|----libidn2
|------libunistring
|----nghttp2
|------libxml2
|--------xmlcatmgr
|--pcre2
google-benchmark
googletest
idiff
jq
|--oniguruma
kakoune
|--ncurses
liboqs
lynx
|--gettext-tools
|----gettext-lib
mksandbox
mtr
mozilla-rootcerts-openssl
oqs-provider
|--liboqs
pkglint
py313-hg-evolve
|--py313-mercurial
|----python313
|------libffi
|------libuuid
|------mpdecimal
|------readline
|------sqlite3
|--python313
|----libffi
|----libuuid
|----mpdecimal
|----readline
|----sqlite3
rust
|--curl
|----libidn2
|------libunistring
|----nghttp2
|------libxml2
|--------xmlcatmgr
|--libunwind
|--llvm
|----libxml2
|------xmlcatmgr
|----python313
|------libffi
|------libuuid
|------mpdecimal
|------readline
|------sqlite3
|----zstd
|------lz4
screen
scrypt
sudo
vile
|--perl
yt-dlp
|--python313
|----libffi
|----libuuid
|----mpdecimal
|----readline
|----sqlite3
port2pkg
|--perl
|--pkglint
neatvi
