libnbcompat (2-clause-bsd AND modified-bsd)
cwrappers (modified-bsd)
mktools (modified-bsd)
bootstrap-mk-files (original-bsd)
bmake (modified-bsd)
|--bootstrap-mk-files (original-bsd)
pkg_install (modified-bsd)
checkperms (modified-bsd)
boost-libs (boost-license)
|--icu (unicode-v3 AND modified-bsd AND mit)
|--zstd (modified-bsd OR gnu-gpl-v2)
|----lz4 (2-clause-bsd)
bvi ()
clang (apache-2.0)
|--libxml2 (modified-bsd)
|----xmlcatmgr (modified-bsd)
|--llvm (apache-2.0)
|----libxml2 (modified-bsd)
|------xmlcatmgr (modified-bsd)
|----python313 (python-software-foundation)
|------libffi (mit)
|------libuuid (modified-bsd)
|------mpdecimal (2-clause-bsd)
|------readline (gnu-gpl-v3)
|------sqlite3 (public-domain)
|----zstd (modified-bsd OR gnu-gpl-v2)
|------lz4 (2-clause-bsd)
|--perl (gnu-gpl-v2 OR artistic)
|--python313 (python-software-foundation)
|----libffi (mit)
|----libuuid (modified-bsd)
|----mpdecimal (2-clause-bsd)
|----readline (gnu-gpl-v3)
|----sqlite3 (public-domain)
git-base (gnu-gpl-v2)
|--curl (mit)
|----libidn2 (gnu-gpl-v2)
|------libunistring (gnu-lgpl-v3 OR gnu-gpl-v2)
|----nghttp2 (mit)
|------libxml2 (modified-bsd)
|--------xmlcatmgr (modified-bsd)
|--pcre2 (modified-bsd)
google-benchmark (apache-2.0)
googletest (modified-bsd)
idiff ()
jq (mit)
|--oniguruma (2-clause-bsd)
kakoune (unlicense)
|--ncurses (mit)
liboqs (mit)
lynx (gnu-gpl-v2)
|--gettext-tools (gnu-gpl-v3)
|----gettext-lib (gnu-gpl-v3)
mksandbox (2-clause-bsd)
mtr (gnu-gpl-v2)
mozilla-rootcerts-openssl (modified-bsd)
oqs-provider (mit)
|--liboqs (mit)
pkglint (2-clause-bsd)
py313-hg-evolve (gnu-gpl-v2)
|--py313-mercurial (gnu-gpl-v2 OR gnu-gpl-v3)
|----python313 (python-software-foundation)
|------libffi (mit)
|------libuuid (modified-bsd)
|------mpdecimal (2-clause-bsd)
|------readline (gnu-gpl-v3)
|------sqlite3 (public-domain)
|--python313 (python-software-foundation)
|----libffi (mit)
|----libuuid (modified-bsd)
|----mpdecimal (2-clause-bsd)
|----readline (gnu-gpl-v3)
|----sqlite3 (public-domain)
rust (mit OR apache-2.0)
|--curl (mit)
|----libidn2 (gnu-gpl-v2)
|------libunistring (gnu-lgpl-v3 OR gnu-gpl-v2)
|----nghttp2 (mit)
|------libxml2 (modified-bsd)
|--------xmlcatmgr (modified-bsd)
|--libunwind (apache-2.0)
|--llvm (apache-2.0)
|----libxml2 (modified-bsd)
|------xmlcatmgr (modified-bsd)
|----python313 (python-software-foundation)
|------libffi (mit)
|------libuuid (modified-bsd)
|------mpdecimal (2-clause-bsd)
|------readline (gnu-gpl-v3)
|------sqlite3 (public-domain)
|----zstd (modified-bsd OR gnu-gpl-v2)
|------lz4 (2-clause-bsd)
screen (gnu-gpl-v3)
scrypt (2-clause-bsd)
sudo (isc AND modified-bsd)
vile (gnu-gpl-v2)
|--perl (gnu-gpl-v2 OR artistic)
yt-dlp (unlicense)
|--python313 (python-software-foundation)
|----libffi (mit)
|----libuuid (modified-bsd)
|----mpdecimal (2-clause-bsd)
|----readline (gnu-gpl-v3)
|----sqlite3 (public-domain)
port2pkg ()
|--perl (gnu-gpl-v2 OR artistic)
|--pkglint (2-clause-bsd)
neatvi (isc)
depgraph (modified-bsd)
